// Jest Snapshot v1, https://goo.gl/fbAQLP

exports[`Header Component Suite has correct snapshot 1`] = `
<Memo(UVHeader)
  alt="Yuvraj Patil"
  centralTitle={12345678}
  menu={
    Object {
      "items": Array [
        Object {
          "href": "/profile",
          "title": "Profile",
        },
        Object {
          "href": "/settings",
          "title": "Settings",
        },
      ],
      "logo": "user.png",
    }
  }
  primaryWebsite="/"
  repository={
    Object {
      "logo": "github.png",
      "url": "https://github.com/yuvi1422/uv-investment-portfolio",
    }
  }
  theme="success"
  title="UV Investment Portfolio"
/>
`;
